// Jest Snapshot v1, https://goo.gl/fbAQLP

exports[`renders a snapshot 1`] = `
<div
  className="App"
>
  <div
    className="row"
  >
    <div
      className="col"
      style={
        Object {
          "display": "flex",
          "justifyContent": "center",
        }
      }
    >
      <div
        className="card"
      >
        <div
          className="card"
          style={
            Object {
              "width": "18rem",
            }
          }
        >
          <img
            className="card-img-top"
            display="block"
            margin-left="auto"
            margin-right="auto"
            src="Brad.jpeg"
            width="80%"
          />
          <div
            className="card-body"
          >
            <div
              className="card-title h5"
            >
              Bradley Stouffer
            </div>
            <p
              className="card-text"
            >
              I am transitionining from QA as a testing engineer to a full-time software developer role.
            </p>
          </div>
        </div>
      </div>
    </div>
  </div>
  <p>
    Play some pinball?
  </p>
  <a
    className="normal"
    href="https://voidmaelstrom.github.io/phaser-projects/Pinball/index.html"
    onMouseEnter={[Function]}
    onMouseLeave={[Function]}
  >
    Pinball
  </a>
</div>
`;
